models/dict/cmudict-en-us.dict
models/hmm/en-us-ptm/README
models/hmm/en-us-ptm/feat.params
models/hmm/en-us-ptm/mdef
models/hmm/en-us-ptm/means
models/hmm/en-us-ptm/noisedict
models/hmm/en-us-ptm/sendump
models/hmm/en-us-ptm/transition_matrices
models/hmm/en-us-ptm/variances
models/hmm/cmusphinx-en-us-ptm-5.2/README
models/hmm/cmusphinx-en-us-ptm-5.2/feat.params
models/hmm/cmusphinx-en-us-ptm-5.2/mdef
models/hmm/cmusphinx-en-us-ptm-5.2/means
models/hmm/cmusphinx-en-us-ptm-5.2/mixture_weights
models/hmm/cmusphinx-en-us-ptm-5.2/noisedict
models/hmm/cmusphinx-en-us-ptm-5.2/sendump
models/hmm/cmusphinx-en-us-ptm-5.2/transition_matrices
models/hmm/cmusphinx-en-us-ptm-5.2/variances
models/hmm/cmusphinx-en-us-ptm-8khz-5.2/README
models/hmm/cmusphinx-en-us-ptm-8khz-5.2/feat.params
models/hmm/cmusphinx-en-us-ptm-8khz-5.2/mdef
models/hmm/cmusphinx-en-us-ptm-8khz-5.2/means
models/hmm/cmusphinx-en-us-ptm-8khz-5.2/mixture_weights
models/hmm/cmusphinx-en-us-ptm-8khz-5.2/noisedict
models/hmm/cmusphinx-en-us-ptm-8khz-5.2/sendump
models/hmm/cmusphinx-en-us-ptm-8khz-5.2/transition_matrices
models/hmm/cmusphinx-en-us-ptm-8khz-5.2/variances